\BOOKMARK [1][-]{section.1}{Tage, Monate und Jahre}{}% 1
\BOOKMARK [2][-]{subsection.1.1}{Tage}{section.1}% 2
\BOOKMARK [2][-]{subsection.1.2}{Monate}{section.1}% 3
\BOOKMARK [2][-]{subsection.1.3}{Jahre}{section.1}% 4
\BOOKMARK [1][-]{section.2}{Der Menton-Zyklus und die Struktur von Mondkalendern}{}% 5
\BOOKMARK [2][-]{subsection.2.1}{Der J\374dische Kalender}{section.2}% 6
\BOOKMARK [2][-]{subsection.2.2}{Der Islamische Kalender}{section.2}% 7
\BOOKMARK [1][-]{section.3}{Die Wochentage}{}% 8
\BOOKMARK [1][-]{section.4}{Die Kalenderreform von 1582}{}% 9
\BOOKMARK [1][-]{section.5}{Kuriosit\344ten der Kalenderreform}{}% 10
